[0mESP-ROM:esp32c3-api1-20210207
Build:Feb  7 2021
rst:0x15 (USB_UART_CHIP_RESET),boot:0xd (SPI_FAST_FLASH_BOOT)
Saved PC:0x4004c0d4
SPIWP:0xee
mode:DIO, clock div:1
load:0x3fcd5820,len:0x170c
load:0x403cc710,len:0x968
load:0x403ce710,len:0x2f68
entry 0x403cc710
[0;32mI (24) boot: ESP-IDF v5.1.1-dirty 2nd stage bootloader[0m
[0;32mI (24) boot: compile time Oct 19 2023 00:25:13[0m
[0;32mI (25) boot: chip revision: v0.4[0m
[0;32mI (28) boot.esp32c3: SPI Speed      : 80MHz[0m
[0;32mI (33) boot.esp32c3: SPI Mode       : DIO[0m
[0;32mI (37) boot.esp32c3: SPI Flash Size : 2MB[0m
[0;32mI (42) boot: Enabling RNG early entropy source...[0m
[0;32mI (47) boot: Partition Table:[0m
[0;32mI (51) boot: ## Label            Usage          Type ST Offset   Length[0m
[0;32mI (58) boot:  0 nvs              WiFi data        01 02 00009000 00006000[0m
[0;32mI (66) boot:  1 phy_init         RF data          01 01 0000f000 00001000[0m
[0;32mI (73) boot:  2 factory          factory app      00 00 00010000 00100000[0m
[0;32mI (81) boot: End of partition table[0m
[0;32mI (85) esp_image: segment 0: paddr=00010020 vaddr=3c020020 size=0a728h ( 42792) map[0m
[0;32mI (100) esp_image: segment 1: paddr=0001a750 vaddr=3fc8c000 size=01220h (  4640) load[0m
[0;32mI (103) esp_image: segment 2: paddr=0001b978 vaddr=40380000 size=046a0h ( 18080) load[0m
[0;32mI (114) esp_image: segment 3: paddr=00020020 vaddr=42000020 size=1c798h (116632) map[0m
[0;32mI (137) esp_image: segment 4: paddr=0003c7c0 vaddr=403846a0 size=07910h ( 30992) load[0m
[0;32mI (147) boot: Loaded app from partition at offset 0x10000[0m
[0;32mI (147) boot: Disabling RNG early entropy source...[0m
[0;32mI (159) cpu_start: Unicore app[0m
[0;32mI (159) cpu_start: Pro cpu up.[0m
[0;32mI (167) cpu_start: Pro cpu start user code[0m
[0;32mI (168) cpu_start: cpu freq: 160000000 Hz[0m
[0;32mI (168) cpu_start: Application information:[0m
[0;32mI (171) cpu_start: Project name:     mair-template[0m
[0;32mI (176) cpu_start: App version:      0.7.5-4-gbe5e3d2-dirty[0m
[0;32mI (182) cpu_start: Compile time:     Oct 19 2023 00:24:36[0m
[0;32mI (188) cpu_start: ELF file SHA256:  91d48a853a5e4ec9...[0m
[0;32mI (194) cpu_start: ESP-IDF:          v5.1.1-dirty[0m
[0;32mI (200) cpu_start: Min chip rev:     v0.3[0m
[0;32mI (204) cpu_start: Max chip rev:     v0.99 [0m
[0;32mI (209) cpu_start: Chip rev:         v0.4[0m
[0;32mI (214) heap_init: Initializing. RAM available for dynamic allocation:[0m
[0;32mI (221) heap_init: At 3FC8E330 len 0004E3E0 (312 KiB): DRAM[0m
[0;32mI (227) heap_init: At 3FCDC710 len 00002950 (10 KiB): STACK/DRAM[0m
[0;32mI (234) heap_init: At 50000010 len 00001FD8 (7 KiB): RTCRAM[0m
[0;32mI (241) spi_flash: detected chip: generic[0m
[0;32mI (245) spi_flash: flash io: dio[0m
[0;33mW (249) spi_flash: Detected size(4096k) larger than the size in the binary image header(2048k). Using the size in the binary image header.[0m
[0;32mI (262) sleep: Configure to isolate all GPIO pins in sleep state[0m
[0;32mI (269) sleep: Enable automatic switching of GPIO sleep configuration[0m
[0;32mI (276) app_start: Starting scheduler on CPU0[0m
[0;32mI (281) main_task: Started on CPU0[0m
[0;32mI (285) main_task: Calling app_main()[0m
[0;32mI (289) HX711: Initializing scale.[0m
[0;32mI (293) gpio: GPIO[1]| InputEn: 1| OutputEn: 1| OpenDrain: 0| Pullup: 0| Pulldown: 0| Intr:0 [0m
[0;32mI (302) gpio: GPIO[2]| InputEn: 1| OutputEn: 0| OpenDrain: 0| Pullup: 0| Pulldown: 0| Intr:0 [0m
[0;32mI (1986) HX711: Leitura: -652.190491[0m
[0;32mI (2076) HX711: MÃ©dia: -579.238098[0m
[0;32mI (4863) HX711: Leitura: -472.571442[0m
[0;32mI (5260) HX711: MÃ©dia: -460.000000[0m
[0;32mI (8048) HX711: Leitura: -404.000000[0m
[0;32mI (8445) HX711: MÃ©dia: -509.333344[0m
[0;32mI (11233) HX711: Leitura: 1589.142822[0m
[0;32mI (11630) HX711: MÃ©dia: 1472.761963[0m
[0;32mI (14418) HX711: Leitura: 1367.047607[0m
[0;32mI (14815) HX711: MÃ©dia: 1329.904785[0m
[0;32mI (17603) HX711: Leitura: 1292.761963[0m
[0;32mI (18000) HX711: MÃ©dia: 1280.571411[0m
[0;32mI (20788) HX711: Leitura: 1268.571411[0m
